// Jest Snapshot v1, https://goo.gl/fbAQLP

exports[`Button renders without crashing 1`] = `
<div>
  <button
    class="sc-bdfBwQ kQBUXH"
    data-testid="button-id"
    id="button-id"
    name="Button name"
  >
    Button name
  </button>
</div>
`;
